// Jest Snapshot v1, https://goo.gl/fbAQLP

exports[`wallet dashboard components matches the ActivityHighlights snapshot for confirmed payments today 1`] = `
<section
  class="bg-panel border-hairline rounded-2xl border p-5"
>
  <p
    class="text-dim text-xs"
  >
    Today
  </p>
  <h2
    class="text-lg font-bold tracking-tight text-white"
  >
    Activity highlights
  </h2>
  <dl
    class="mt-4 space-y-3.5"
  >
    <div
      class="flex items-baseline justify-between"
    >
      <dt
        class="text-dim text-sm"
      >
        Taken today · 
        XLM
      </dt>
      <dd
        class="text-bright text-sm"
      >
        20
      </dd>
    </div>
    <div
      class="flex items-baseline justify-between"
    >
      <dt
        class="text-dim text-sm"
      >
        Taken today · 
        USDC
      </dt>
      <dd
        class="text-bright text-sm"
      >
        3
      </dd>
    </div>
    <div
      class="flex items-baseline justify-between"
    >
      <dt
        class="text-dim text-sm"
      >
        Open requests
      </dt>
      <dd
        class="text-bright text-sm"
      >
        3
      </dd>
    </div>
  </dl>
</section>
`;

exports[`wallet dashboard components matches the BalanceFigure snapshot with available and pending amounts 1`] = `
<div>
  <div
    class="flex items-baseline gap-2"
  >
    <span
      class="text-4xl font-bold tracking-tight tabular-nums"
    >
      12.3456789
    </span>
    <span
      class="text-dim text-base font-medium"
    >
      XLM
    </span>
  </div>
  <button
    class="text-dim hover:text-bright mt-1 flex items-center gap-1 text-xs"
    data-state="closed"
    type="button"
  >
    <span>
      2
       
      XLM
       pending
    </span>
    <svg
      aria-hidden="true"
      class="lucide lucide-info size-3"
      fill="none"
      height="24"
      stroke="currentColor"
      stroke-linecap="round"
      stroke-linejoin="round"
      stroke-width="2"
      viewBox="0 0 24 24"
      width="24"
      xmlns="http://www.w3.org/2000/svg"
    >
      <circle
        cx="12"
        cy="12"
        r="10"
      />
      <path
        d="M12 16v-4"
      />
      <path
        d="M12 8h.01"
      />
    </svg>
  </button>
</div>
`;

exports[`wallet dashboard components matches the TopAssets snapshot with available and confirming balances 1`] = `
<div>
  <p
    class="text-dim mb-2 text-xs"
  >
    Balances
  </p>
  <ul>
    <li>
      <a
        class="hover:bg-raised/60 flex items-center gap-3 rounded-lg px-3 py-2.5 transition-colors"
        href="/wallet"
      >
        <span
          class="bg-brand-deep text-pos flex size-7 shrink-0 items-center justify-center rounded-full text-[10px] font-bold"
        >
          XL
        </span>
        <div
          class="min-w-0 flex-1"
        >
          <p
            class="truncate text-sm font-bold text-white"
          >
            XLM
          </p>
          <p
            class="text-dim text-xs"
          >
            2
             confirming
          </p>
        </div>
        <p
          class="text-sm font-bold text-white tabular-nums"
        >
          12.3456789
        </p>
      </a>
    </li>
    <li>
      <a
        class="hover:bg-raised/60 flex items-center gap-3 rounded-lg px-3 py-2.5 transition-colors"
        href="/wallet"
      >
        <span
          class="bg-brand-deep text-pos flex size-7 shrink-0 items-center justify-center rounded-full text-[10px] font-bold"
        >
          US
        </span>
        <div
          class="min-w-0 flex-1"
        >
          <p
            class="truncate text-sm font-bold text-white"
          >
            USDC
          </p>
        </div>
        <p
          class="text-sm font-bold text-white tabular-nums"
        >
          5
        </p>
      </a>
    </li>
  </ul>
</div>
`;

exports[`wallet dashboard components matches the isolated QuickActions snapshot 1`] = `
<div
  class="grid grid-cols-4 gap-2 sm:flex sm:flex-wrap sm:gap-5"
>
  <a
    class="group flex flex-col items-center gap-1.5 rounded-lg focus-visible:ring-2 focus-visible:ring-white/40 focus-visible:outline-none"
    href="/charge"
  >
    <span
      class="flex size-11 items-center justify-center rounded-full text-white transition-transform group-hover:scale-105"
      style="background-color: rgb(22, 101, 52);"
    >
      <svg
        aria-hidden="true"
        class="lucide lucide-banknote size-5"
        fill="none"
        height="24"
        stroke="currentColor"
        stroke-linecap="round"
        stroke-linejoin="round"
        stroke-width="2.25"
        viewBox="0 0 24 24"
        width="24"
        xmlns="http://www.w3.org/2000/svg"
      >
        <rect
          height="12"
          rx="2"
          width="20"
          x="2"
          y="6"
        />
        <circle
          cx="12"
          cy="12"
          r="2"
        />
        <path
          d="M6 12h.01M18 12h.01"
        />
      </svg>
    </span>
    <span
      class="text-dim group-hover:text-bright text-xs"
    >
      Charge
    </span>
  </a>
  <a
    class="group flex flex-col items-center gap-1.5 rounded-lg focus-visible:ring-2 focus-visible:ring-white/40 focus-visible:outline-none"
    href="/transactions"
  >
    <span
      class="flex size-11 items-center justify-center rounded-full text-white transition-transform group-hover:scale-105"
      style="background-color: rgb(30, 64, 175);"
    >
      <svg
        aria-hidden="true"
        class="lucide lucide-receipt size-5"
        fill="none"
        height="24"
        stroke="currentColor"
        stroke-linecap="round"
        stroke-linejoin="round"
        stroke-width="2.25"
        viewBox="0 0 24 24"
        width="24"
        xmlns="http://www.w3.org/2000/svg"
      >
        <path
          d="M4 2v20l2-1 2 1 2-1 2 1 2-1 2 1 2-1 2 1V2l-2 1-2-1-2 1-2-1-2 1-2-1-2 1Z"
        />
        <path
          d="M16 8h-6a2 2 0 1 0 0 4h4a2 2 0 1 1 0 4H8"
        />
        <path
          d="M12 17.5v-11"
        />
      </svg>
    </span>
    <span
      class="text-dim group-hover:text-bright text-xs"
    >
      Payments
    </span>
  </a>
  <a
    class="group flex flex-col items-center gap-1.5 rounded-lg focus-visible:ring-2 focus-visible:ring-white/40 focus-visible:outline-none"
    href="/withdraw"
  >
    <span
      class="flex size-11 items-center justify-center rounded-full text-white transition-transform group-hover:scale-105"
      style="background-color: rgb(16, 185, 129);"
    >
      <svg
        aria-hidden="true"
        class="lucide lucide-arrow-down-to-line size-5"
        fill="none"
        height="24"
        stroke="currentColor"
        stroke-linecap="round"
        stroke-linejoin="round"
        stroke-width="2.25"
        viewBox="0 0 24 24"
        width="24"
        xmlns="http://www.w3.org/2000/svg"
      >
        <path
          d="M12 17V3"
        />
        <path
          d="m6 11 6 6 6-6"
        />
        <path
          d="M19 21H5"
        />
      </svg>
    </span>
    <span
      class="text-dim group-hover:text-bright text-xs"
    >
      Cash out
    </span>
  </a>
  <a
    class="group flex flex-col items-center gap-1.5 rounded-lg focus-visible:ring-2 focus-visible:ring-white/40 focus-visible:outline-none"
    href="/wallet"
  >
    <span
      class="flex size-11 items-center justify-center rounded-full text-white transition-transform group-hover:scale-105"
      style="background-color: rgb(177, 205, 0);"
    >
      <svg
        aria-hidden="true"
        class="lucide lucide-wallet size-5"
        fill="none"
        height="24"
        stroke="currentColor"
        stroke-linecap="round"
        stroke-linejoin="round"
        stroke-width="2.25"
        viewBox="0 0 24 24"
        width="24"
        xmlns="http://www.w3.org/2000/svg"
      >
        <path
          d="M19 7V4a1 1 0 0 0-1-1H5a2 2 0 0 0 0 4h15a1 1 0 0 1 1 1v4h-3a2 2 0 0 0 0 4h3a1 1 0 0 0 1-1v-2a1 1 0 0 0-1-1"
        />
        <path
          d="M3 5v14a2 2 0 0 0 2 2h15a1 1 0 0 0 1-1v-4"
        />
      </svg>
    </span>
    <span
      class="text-dim group-hover:text-bright text-xs"
    >
      Wallet
    </span>
  </a>
</div>
`;
